// Jest Snapshot v1, https://goo.gl/fbAQLP

exports[`Should show the dashboard page of the expenses 1`] = `
<div>
  Dashboard page content
</div>
`;
